V3 39
FL //ro-clj-fs1/rnd/Support/CR-II_ISE_Demo/Source/AnodeDecoder.vhd 2011/09/09.23:55:00 P.20131013
EN work/AnodeDecoder 1416815273 \
      FL //ro-clj-fs1/rnd/Support/CR-II_ISE_Demo/Source/AnodeDecoder.vhd \
      PB ieee/std_logic_1164 1370735607
AR work/AnodeDecoder/Behavioral 1416815274 \
      FL //ro-clj-fs1/rnd/Support/CR-II_ISE_Demo/Source/AnodeDecoder.vhd \
      EN work/AnodeDecoder 1416815273
FL //ro-clj-fs1/rnd/Support/CR-II_ISE_Demo/Source/clk_div.vhd 2012/04/13.00:11:34 P.20131013
EN work/clk_div 1416815277 \
      FL //ro-clj-fs1/rnd/Support/CR-II_ISE_Demo/Source/clk_div.vhd \
      PB ieee/std_logic_1164 1370735607 PB ieee/std_logic_arith 1370735608 \
      PB ieee/STD_LOGIC_UNSIGNED 1370735609
AR work/clk_div/Behavioral 1416815278 \
      FL //ro-clj-fs1/rnd/Support/CR-II_ISE_Demo/Source/clk_div.vhd \
      EN work/clk_div 1416815277
FL //ro-clj-fs1/rnd/Support/CR-II_ISE_Demo/Source/CR_II_Demo.vhd 2012/04/13.02:24:34 P.20131013
EN work/CR_II_Demo 1416815281 \
      FL //ro-clj-fs1/rnd/Support/CR-II_ISE_Demo/Source/CR_II_Demo.vhd \
      PB ieee/std_logic_1164 1370735607
AR work/CR_II_Demo/Behavioral 1416815282 \
      FL //ro-clj-fs1/rnd/Support/CR-II_ISE_Demo/Source/CR_II_Demo.vhd \
      EN work/CR_II_Demo 1416815281 CP clk_div CP Timer_Block
FL //ro-clj-fs1/rnd/Support/CR-II_ISE_Demo/Source/LED4Dec1HexDriver.vhd 2012/04/12.23:24:15 P.20131013
EN work/LED4Dec1HexDriver 1416815267 \
      FL //ro-clj-fs1/rnd/Support/CR-II_ISE_Demo/Source/LED4Dec1HexDriver.vhd \
      PB ieee/std_logic_1164 1370735607 PB ieee/std_logic_arith 1370735608 \
      PB ieee/STD_LOGIC_UNSIGNED 1370735609
AR work/LED4Dec1HexDriver/Behavioral 1416815268 \
      FL //ro-clj-fs1/rnd/Support/CR-II_ISE_Demo/Source/LED4Dec1HexDriver.vhd \
      EN work/LED4Dec1HexDriver 1416815267
FL //ro-clj-fs1/rnd/Support/CR-II_ISE_Demo/Source/MUX_Bus4to1.vhd 2011/09/09.23:59:14 P.20131013
EN work/MUX_Bus4to1 1416815269 \
      FL //ro-clj-fs1/rnd/Support/CR-II_ISE_Demo/Source/MUX_Bus4to1.vhd \
      PB ieee/std_logic_1164 1370735607
AR work/MUX_Bus4to1/Behavioral 1416815270 \
      FL //ro-clj-fs1/rnd/Support/CR-II_ISE_Demo/Source/MUX_Bus4to1.vhd \
      EN work/MUX_Bus4to1 1416815269
FL //ro-clj-fs1/rnd/Support/CR-II_ISE_Demo/Source/SevenSegmentDecoder.vhd 2011/09/09.23:55:42 P.20131013
EN work/SevenSegmentDecoder 1416815275 \
      FL //ro-clj-fs1/rnd/Support/CR-II_ISE_Demo/Source/SevenSegmentDecoder.vhd \
      PB ieee/std_logic_1164 1370735607
AR work/SevenSegmentDecoder/Behavioral 1416815276 \
      FL //ro-clj-fs1/rnd/Support/CR-II_ISE_Demo/Source/SevenSegmentDecoder.vhd \
      EN work/SevenSegmentDecoder 1416815275
FL //ro-clj-fs1/rnd/Support/CR-II_ISE_Demo/Source/Timer_Block.vhd 2012/04/13.00:33:37 P.20131013
EN work/Timer_Block 1416815279 \
      FL //ro-clj-fs1/rnd/Support/CR-II_ISE_Demo/Source/Timer_Block.vhd \
      PB ieee/std_logic_1164 1370735607
AR work/Timer_Block/Behavioral 1416815280 \
      FL //ro-clj-fs1/rnd/Support/CR-II_ISE_Demo/Source/Timer_Block.vhd \
      EN work/Timer_Block 1416815279 CP LED4Dec1HexDriver CP MUX_Bus4to1 \
      CP TwoBitCounter CP AnodeDecoder CP SevenSegmentDecoder
FL //ro-clj-fs1/rnd/Support/CR-II_ISE_Demo/Source/TwoBitCounter.vhd 2011/09/09.23:56:08 P.20131013
EN work/TwoBitCounter 1416815271 \
      FL //ro-clj-fs1/rnd/Support/CR-II_ISE_Demo/Source/TwoBitCounter.vhd \
      PB ieee/std_logic_1164 1370735607 PB ieee/std_logic_arith 1370735608 \
      PB ieee/STD_LOGIC_UNSIGNED 1370735609
AR work/TwoBitCounter/Behavioral 1416815272 \
      FL //ro-clj-fs1/rnd/Support/CR-II_ISE_Demo/Source/TwoBitCounter.vhd \
      EN work/TwoBitCounter 1416815271
FL "//rome/share/digilent ro/Support/CR-II_ISE_Demo/Source/AnodeDecoder.vhd" 2011/09/09.23:55:00 P.20131013
FL "//rome/share/digilent ro/Support/CR-II_ISE_Demo/Source/clk_div.vhd" 2012/04/13.00:11:34 P.20131013
FL "//rome/share/digilent ro/Support/CR-II_ISE_Demo/Source/CR_II_Demo.vhd" 2012/04/13.02:24:34 P.20131013
FL "//rome/share/digilent ro/Support/CR-II_ISE_Demo/Source/LED4Dec1HexDriver.vhd" 2012/04/12.23:24:15 P.20131013
FL "//rome/share/digilent ro/Support/CR-II_ISE_Demo/Source/MUX_Bus4to1.vhd" 2011/09/09.23:59:14 P.20131013
FL "//rome/share/digilent ro/Support/CR-II_ISE_Demo/Source/SevenSegmentDecoder.vhd" 2011/09/09.23:55:42 P.20131013
FL "//rome/share/digilent ro/Support/CR-II_ISE_Demo/Source/Timer_Block.vhd" 2012/04/13.00:33:37 P.20131013
FL "//rome/share/digilent ro/Support/CR-II_ISE_Demo/Source/TwoBitCounter.vhd" 2011/09/09.23:56:08 P.20131013
